// Jest Snapshot v1, https://goo.gl/fbAQLP

exports[`Single Issue matches snapshot 1`] = `
<div>
  <li
    class="Item__Wrapper-sc-1fnnn89-0 iBKZwl"
    role="group"
  >
    <article
      class="Item__Article-sc-1fnnn89-1 leRLLF"
    >
      <div
        class="ItemStatus__Wrapper-sc-1x9kk55-0 dVyFut"
        title="Open issue"
      >
        <svg
          fill="currentColor"
          height="1em"
          stroke="currentColor"
          stroke-width="0"
          viewBox="0 0 14 16"
          width="1em"
          xmlns="http://www.w3.org/2000/svg"
        >
          <path
            d="M7 2.3c3.14 0 5.7 2.56 5.7 5.7s-2.56 5.7-5.7 5.7A5.71 5.71 0 0 1 1.3 8c0-3.14 2.56-5.7 5.7-5.7zM7 1C3.14 1 0 4.14 0 8s3.14 7 7 7 7-3.14 7-7-3.14-7-7-7zm1 3H6v5h2V4zm0 6H6v2h2v-2z"
            fill-rule="evenodd"
          />
        </svg>
      </div>
      <div
        class="ItemContent__Wrapper-sc-1255c34-0 ecZkjT"
      >
        <div
          class="ItemContent__TitleWrapper-sc-1255c34-1 bRqJbF"
        >
          <h1
            class="ItemContent__Title-sc-1255c34-4 fJkKbV"
            data-testid="title"
          >
            [DevTools Bug]: Long keys overlap
          </h1>
          <div
            class="ItemContent__LabelsWrapper-sc-1255c34-2 keeNLA"
          >
            <label
              class="ItemContent__Label-sc-1255c34-3 jYOrxc"
            >
              Component: Developer Tools
            </label>
            <label
              class="ItemContent__Label-sc-1255c34-3 dnboLi"
            >
              Resolution: Needs More Information
            </label>
            <label
              class="ItemContent__Label-sc-1255c34-3 kdbzH"
            >
              Status: Unconfirmed
            </label>
            <label
              class="ItemContent__Label-sc-1255c34-3 hAZNUh"
            >
              Type: Bug
            </label>
          </div>
        </div>
        <p
          class="ItemContent__Info-sc-1255c34-5 dXCxEV"
        >
          #
          21695
           
          Opened
           
          <time
            datetime="2021-06-16T20:57:00Z"
            title="6/16/2021, 10:57:00 PM"
          >
            in 2 days
          </time>
           
          by 
          MinimumViablePerson
        </p>
      </div>
      <div
        class="ItemCommentsCount__Wrapper-bdjqbc-0 juLnoJ"
        title="1 comment"
      >
        <svg
          fill="currentColor"
          height="1em"
          stroke="currentColor"
          stroke-width="0"
          viewBox="0 0 16 16"
          width="1em"
          xmlns="http://www.w3.org/2000/svg"
        >
          <path
            d="M14 1H2c-.55 0-1 .45-1 1v8c0 .55.45 1 1 1h2v3.5L7.5 11H14c.55 0 1-.45 1-1V2c0-.55-.45-1-1-1zm0 9H7l-2 2v-2H2V2h12v8z"
            fill-rule="evenodd"
          />
        </svg>
        <span
          class="ItemCommentsCount__Count-bdjqbc-1 kIbysp"
          data-testid="comments-count"
        >
          1
        </span>
      </div>
    </article>
  </li>
</div>
`;
